// Jest Snapshot v1, https://goo.gl/fbAQLP

exports[`Test header should render header correctly 1`] = `
<header>
  <h1>
    Expensify
  </h1>
  <NavLink
    activeClassName="is-active"
    ariaCurrent="true"
    to="/dashboard"
  >
    Go home
  </NavLink>
  <NavLink
    activeClassName="is-active"
    ariaCurrent="true"
    to="/create"
  >
    Create Expense
  </NavLink>
  <button
    onClick={[Function]}
  >
    Logout
  </button>
</header>
`;
